[htmlmystore.justthemevalley.com/genius/Version3/index.html]
[backblue.gif]
[fade.gif]
[index.html]
[htmlmystore.justthemevalley.com/genius/Version3/favicon.ico]
[htmlmystore.justthemevalley.com/genius/Version3/images/flag-default.jpg]
[htmlmystore.justthemevalley.com/genius/Version3/images/flag-english.jpg]
[htmlmystore.justthemevalley.com/genius/Version3/images/flag-german.jpg]
[htmlmystore.justthemevalley.com/genius/Version3/images/flag-brazil.jpg]
[htmlmystore.justthemevalley.com/genius/Version3/images/flag-chile.jpg]
[htmlmystore.justthemevalley.com/genius/Version3/images/flag-spain.jpg]
[htmlmystore.justthemevalley.com/genius/Version3/wishlist.html]
[htmlmystore.justthemevalley.com/genius/Version3/checkout.html]
[htmlmystore.justthemevalley.com/genius/Version3/images/logo.png]
[htmlmystore.justthemevalley.com/genius/Version3/images/products/img07.jpg]
[htmlmystore.justthemevalley.com/genius/Version3/shopping_cart.html]
[htmlmystore.justthemevalley.com/genius/Version3/shop_grid.html]
[htmlmystore.justthemevalley.com/genius/Version3/images/menu-img1.jpg]
[htmlmystore.justthemevalley.com/genius/Version3/images/menu-img2.jpg]
[htmlmystore.justthemevalley.com/genius/Version3/images/menu-img3.jpg]
[htmlmystore.justthemevalley.com/genius/Version3/shop_grid_right_sidebar.html]
[htmlmystore.justthemevalley.com/genius/Version3/shop_list.html]
[htmlmystore.justthemevalley.com/genius/Version3/shop_list_right_sidebar.html]
[htmlmystore.justthemevalley.com/genius/Version3/shop_grid_full_width.html]
[htmlmystore.justthemevalley.com/genius/Version3/single_product_right_sidebar.html]
[htmlmystore.justthemevalley.com/genius/Version3/compare.html]
[htmlmystore.justthemevalley.com/genius/Version3/quick_view.html]
[htmlmystore.justthemevalley.com/genius/Version3/single_product_magnify_zoom.html]
[htmlmystore.justthemevalley.com/genius/Version3/single_product.html]
[htmlmystore.justthemevalley.com/genius/Version3/single_product_left_sidebar.html]
[htmlmystore.justthemevalley.com/genius/Version3/cat-3-col.html]
[htmlmystore.justthemevalley.com/genius/Version3/cat-4-col.html]
[htmlmystore.justthemevalley.com/genius/Version3/cat-4-col-full.html]
[htmlmystore.justthemevalley.com/genius/Version3/col3-sidebar.html]
[htmlmystore.justthemevalley.com/genius/Version3/about_us.html]
[htmlmystore.justthemevalley.com/genius/Version3/contact_us.html]
[htmlmystore.justthemevalley.com/genius/Version3/404error.html]
[htmlmystore.justthemevalley.com/genius/Version3/faq.html]
[htmlmystore.justthemevalley.com/genius/Version3/blog.html]
[htmlmystore.justthemevalley.com/genius/Version3/blog_right_sidebar.html]
[htmlmystore.justthemevalley.com/genius/Version3/blog_left_sidebar.html]
[htmlmystore.justthemevalley.com/genius/Version3/blog_full_width.html]
[htmlmystore.justthemevalley.com/genius/Version3/single_post.html]
[htmlmystore.justthemevalley.com/genius/Version3/images/slider/slider-img1.jpg]
[htmlmystore.justthemevalley.com/genius/Version3/images/banner.jpg]
[htmlmystore.justthemevalley.com/genius/Version3/images/banner-2.jpg]
[htmlmystore.justthemevalley.com/genius/Version3/images/products/img01.jpg]
[htmlmystore.justthemevalley.com/genius/Version3/images/products/img03.jpg]
[htmlmystore.justthemevalley.com/genius/Version3/images/products/img05.jpg]
[htmlmystore.justthemevalley.com/genius/Version3/images/products/img06.jpg]
[htmlmystore.justthemevalley.com/genius/Version3/images/products/img11.jpg]
[htmlmystore.justthemevalley.com/genius/Version3/images/products/img12.jpg]
[htmlmystore.justthemevalley.com/genius/Version3/images/products/img13.jpg]
[htmlmystore.justthemevalley.com/genius/Version3/images/products/img14.jpg]
[htmlmystore.justthemevalley.com/genius/Version3/images/products/img15.jpg]
[htmlmystore.justthemevalley.com/genius/Version3/images/products/img17.jpg]
[htmlmystore.justthemevalley.com/genius/Version3/images/products/img18.jpg]
[htmlmystore.justthemevalley.com/genius/Version3/images/products/img20.jpg]
[htmlmystore.justthemevalley.com/genius/Version3/images/banner4.jpg]
[htmlmystore.justthemevalley.com/genius/Version3/images/banner5.jpg]
[htmlmystore.justthemevalley.com/genius/Version3/images/blog-img1.jpg]
[htmlmystore.justthemevalley.com/genius/Version3/images/blog-img2.jpg]
[htmlmystore.justthemevalley.com/genius/Version3/images/blog-img3.jpg]
[htmlmystore.justthemevalley.com/genius/Version3/images/top-banner1.jpg]
[htmlmystore.justthemevalley.com/genius/Version3/images/testimonials-img2.jpg]
[htmlmystore.justthemevalley.com/genius/Version3/images/testimonials-img4.jpg]
[htmlmystore.justthemevalley.com/genius/Version3/images/banner6.jpg]
[htmlmystore.justthemevalley.com/genius/Version3/images/brand1.png]
[htmlmystore.justthemevalley.com/genius/Version3/images/brand2.png]
[htmlmystore.justthemevalley.com/genius/Version3/images/brand3.png]
[htmlmystore.justthemevalley.com/genius/Version3/images/brand4.png]
[htmlmystore.justthemevalley.com/genius/Version3/images/brand5.png]
[htmlmystore.justthemevalley.com/genius/Version3/images/brand6.png]
[htmlmystore.justthemevalley.com/genius/Version3/images/brand7.png]
[htmlmystore.justthemevalley.com/genius/Version3/images/visa.png]
[htmlmystore.justthemevalley.com/genius/Version3/images/paypal.png]
[htmlmystore.justthemevalley.com/genius/Version3/images/discover.png]
[htmlmystore.justthemevalley.com/genius/Version3/images/master-card.png]
[htmlmystore.justthemevalley.com/genius/Version3/js/jquery.min.js]
[htmlmystore.justthemevalley.com/genius/Version3/js/jquery.meanmenu.min.js]
[htmlmystore.justthemevalley.com/genius/Version3/js/owl.carousel.min.js]
[htmlmystore.justthemevalley.com/genius/Version3/js/jquery.bxslider.js]
[htmlmystore.justthemevalley.com/genius/Version3/js/jquery-ui.js]
[htmlmystore.justthemevalley.com/genius/Version3/js/countdown.js]
[htmlmystore.justthemevalley.com/genius/Version3/js/wow.min.js]
[htmlmystore.justthemevalley.com/genius/Version3/js/cloud-zoom.js]
[htmlmystore.justthemevalley.com/genius/Version3/js/main.js]
[htmlmystore.justthemevalley.com/genius/Version3/js/jquery.nivo.slider.js]
[htmlmystore.justthemevalley.com/genius/Version3/js/jquery.flexslider.js]
[htmlmystore.justthemevalley.com/genius/Version3/index.html]
[htmlmystore.justthemevalley.com/genius/Version3/style.css]
[htmlmystore.justthemevalley.com/genius/Version3/wishlist.html]
[htmlmystore.justthemevalley.com/genius/Version3/checkout.html]
[htmlmystore.justthemevalley.com/genius/Version3/images/products/img08.jpg]
[htmlmystore.justthemevalley.com/genius/Version3/account_page.html]
[htmlmystore.justthemevalley.com/genius/Version3/images/products/img10.jpg]
[htmlmystore.justthemevalley.com/genius/Version3/shopping_cart.html]
[htmlmystore.justthemevalley.com/genius/Version3/images/cat-img1.jpg]
[htmlmystore.justthemevalley.com/genius/Version3/images/add-slide1.jpg]
[htmlmystore.justthemevalley.com/genius/Version3/shop_grid.html]
[htmlmystore.justthemevalley.com/genius/Version3/shop_grid_right_sidebar.html]
[htmlmystore.justthemevalley.com/genius/Version3/shop_list.html]
[htmlmystore.justthemevalley.com/genius/Version3/shop_list_right_sidebar.html]
[htmlmystore.justthemevalley.com/genius/Version3/shop_grid_full_width.html]
[htmlmystore.justthemevalley.com/genius/Version3/single_product_right_sidebar.html]
[htmlmystore.justthemevalley.com/genius/Version3/compare.html]
[htmlmystore.justthemevalley.com/genius/Version3/quick_view.html]
[htmlmystore.justthemevalley.com/genius/Version3/js/jquery.magnifying-zoom.js]
[htmlmystore.justthemevalley.com/genius/Version3/single_product_magnify_zoom.html]
[htmlmystore.justthemevalley.com/genius/Version3/single_product.html]
[htmlmystore.justthemevalley.com/genius/Version3/single_product_left_sidebar.html]
[htmlmystore.justthemevalley.com/genius/Version3/cat-3-col.html]
[htmlmystore.justthemevalley.com/genius/Version3/cat-4-col.html]
[htmlmystore.justthemevalley.com/genius/Version3/cat-4-col-full.html]
[htmlmystore.justthemevalley.com/genius/Version3/col3-sidebar.html]
[htmlmystore.justthemevalley.com/genius/Version3/images/about_us_slide1.jpg]
[htmlmystore.justthemevalley.com/genius/Version3/images/about_us_slide3.jpg]
[htmlmystore.justthemevalley.com/genius/Version3/images/team-img01.jpg]
[htmlmystore.justthemevalley.com/genius/Version3/images/team-img02.jpg]
[htmlmystore.justthemevalley.com/genius/Version3/about_us.html]
[htmlmystore.justthemevalley.com/genius/Version3/contact_us.html]
[htmlmystore.justthemevalley.com/genius/Version3/404error.html]
[htmlmystore.justthemevalley.com/genius/Version3/faq.html]
[htmlmystore.justthemevalley.com/genius/Version3/images/blog-img4.jpg]
[htmlmystore.justthemevalley.com/genius/Version3/images/blog-img5.jpg]
[htmlmystore.justthemevalley.com/genius/Version3/images/blog-img6.jpg]
[htmlmystore.justthemevalley.com/genius/Version3/images/blog-img7.jpg]
[htmlmystore.justthemevalley.com/genius/Version3/blog.html]
[htmlmystore.justthemevalley.com/genius/Version3/blog_right_sidebar.html]
[htmlmystore.justthemevalley.com/genius/Version3/blog_left_sidebar.html]
[htmlmystore.justthemevalley.com/genius/Version3/blog_full_width.html]
[htmlmystore.justthemevalley.com/genius/Version3/images/avatar.png]
[htmlmystore.justthemevalley.com/genius/Version3/single_post.html]
[htmlmystore.justthemevalley.com/genius/Version3/images/slider/slider-img2.jpg]
[htmlmystore.justthemevalley.com/genius/Version3/images/products/img09.jpg]
[htmlmystore.justthemevalley.com/genius/Version3/images/products/img02.jpg]
[htmlmystore.justthemevalley.com/genius/Version3/images/products/img16.jpg]
[htmlmystore.justthemevalley.com/genius/Version3/images/products/img19.jpg]
[htmlmystore.justthemevalley.com/genius/Version3/images/testimonials-img3.jpg]
[htmlmystore.justthemevalley.com/genius/Version3/images/testimonials-img1.jpg]
[htmlmystore.justthemevalley.com/genius/Version3/sitemap.html]
[htmlmystore.justthemevalley.com/genius/Version3/js/bootstrap.min.js]
[htmlmystore.justthemevalley.com/genius/Version3/fonts/glyphicons-halflings-regular.eot]
[htmlmystore.justthemevalley.com/genius/Version3/fonts/glyphicons-halflings-regular.woff]
[htmlmystore.justthemevalley.com/genius/Version3/fonts/glyphicons-halflings-regulard41d.eot]
[htmlmystore.justthemevalley.com/genius/Version3/fonts/glyphicons-halflings-regular.ttf]
[htmlmystore.justthemevalley.com/genius/Version3/css/bootstrap.min.css]
[htmlmystore.justthemevalley.com/genius/Version3/css/animate.css]
[htmlmystore.justthemevalley.com/genius/Version3/fonts/font-awesome/fontawesome-webfont3e6e.eot]
[htmlmystore.justthemevalley.com/genius/Version3/css/font-awesome.min.css]
[htmlmystore.justthemevalley.com/genius/Version3/fonts/simple-line-icons/Simple-Line-Iconsd41d.eot]
[htmlmystore.justthemevalley.com/genius/Version3/fonts/simple-line-icons/Simple-Line-Icons.woff]
[htmlmystore.justthemevalley.com/genius/Version3/fonts/simple-line-icons/Simple-Line-Icons.ttf]
[htmlmystore.justthemevalley.com/genius/Version3/css/simple-line-icons.css]
[htmlmystore.justthemevalley.com/genius/Version3/css/owl.carousel.css]
[htmlmystore.justthemevalley.com/genius/Version3/css/owl.theme.css]
[htmlmystore.justthemevalley.com/genius/Version3/css/owl.transitions.css]
[htmlmystore.justthemevalley.com/genius/Version3/css/flexslider.css]
[htmlmystore.justthemevalley.com/genius/Version3/css/jquery-ui.css]
[htmlmystore.justthemevalley.com/genius/Version3/css/nivo-slider.css]
[htmlmystore.justthemevalley.com/genius/Version3/css/meanmenu.min.css]
[htmlmystore.justthemevalley.com/genius/Version3/css/quick_view_popup.css]
[htmlmystore.justthemevalley.com/genius/Version3/css/blog.css]
[htmlmystore.justthemevalley.com/genius/Version3/fonts/roboto/Thin/Roboto-Thin9f1e.woff]
[htmlmystore.justthemevalley.com/genius/Version3/fonts/roboto/ThinItalic/Roboto-ThinItalic9f1e.woff]
[htmlmystore.justthemevalley.com/genius/Version3/fonts/roboto/ThinItalic/Roboto-ThinItalic9f1e.ttf]
[htmlmystore.justthemevalley.com/genius/Version3/fonts/roboto/Light/Roboto-Light9f1e.woff]
[htmlmystore.justthemevalley.com/genius/Version3/fonts/roboto/Light/Roboto-Light9f1e.ttf]
[htmlmystore.justthemevalley.com/genius/Version3/fonts/roboto/LightItalic/Roboto-LightItalic9f1e.woff]
[htmlmystore.justthemevalley.com/genius/Version3/fonts/roboto/Regular/Roboto-Regular9f1e.woff]
[htmlmystore.justthemevalley.com/genius/Version3/fonts/roboto/Regular/Roboto-Regular9f1e.ttf]
[htmlmystore.justthemevalley.com/genius/Version3/fonts/roboto/Italic/Roboto-Italic9f1e.woff]
[htmlmystore.justthemevalley.com/genius/Version3/fonts/roboto/Medium/Roboto-Medium9f1e.woff]
[htmlmystore.justthemevalley.com/genius/Version3/fonts/roboto/Medium/Roboto-Medium9f1e.ttf]
[htmlmystore.justthemevalley.com/genius/Version3/fonts/roboto/MediumItalic/Roboto-MediumItalic9f1e.ttf]
[htmlmystore.justthemevalley.com/genius/Version3/fonts/roboto/Bold/Roboto-Bold9f1e.woff]
[htmlmystore.justthemevalley.com/genius/Version3/fonts/roboto/Bold/Roboto-Bold9f1e.ttf]
[htmlmystore.justthemevalley.com/genius/Version3/fonts/roboto/BoldItalic/Roboto-BoldItalic9f1e.woff]
[htmlmystore.justthemevalley.com/genius/Version3/fonts/roboto/Black/Roboto-Black9f1e.woff]
[htmlmystore.justthemevalley.com/genius/Version3/fonts/roboto/Black/Roboto-Black9f1e.ttf]
[htmlmystore.justthemevalley.com/genius/Version3/fonts/roboto/BlackItalic/Roboto-BlackItalic9f1e.woff]
[htmlmystore.justthemevalley.com/genius/Version3/fonts/roboto/BlackItalic/Roboto-BlackItalic9f1e.ttf]
[htmlmystore.justthemevalley.com/genius/Version3/fonts/dosis/zuuDDmIlQfJeEM3Uf6kkpvesZW2xOQ-xsNqO47m55DA.woff]
[htmlmystore.justthemevalley.com/genius/Version3/fonts/dosis/GpmMKE0dnXylect5ObzLR_esZW2xOQ-xsNqO47m55DA.woff]
[htmlmystore.justthemevalley.com/genius/Version3/fonts/dosis/xIAtSaglM8LZOYdGmG1JqQ.woff]
[htmlmystore.justthemevalley.com/genius/Version3/fonts/dosis/A4RWZsncmJ25G8iqn2EHN_esZW2xOQ-xsNqO47m55DA.woff]
[htmlmystore.justthemevalley.com/genius/Version3/fonts/dosis/f8qltGyj2S-SS_tsOHsjgfesZW2xOQ-xsNqO47m55DA.woff]
[htmlmystore.justthemevalley.com/genius/Version3/fonts/dosis/k9xA3bmr7wstksq4xsFJafesZW2xOQ-xsNqO47m55DA.woff]
[htmlmystore.justthemevalley.com/genius/Version3/images/select-arrow.png]
[htmlmystore.justthemevalley.com/genius/Version3/images/promotion-bg.jpg]
[htmlmystore.justthemevalley.com/genius/Version3/images/minus-d1.png]
[htmlmystore.justthemevalley.com/genius/Version3/images/checkbox.png]
[htmlmystore.justthemevalley.com/genius/Version3/images/checked.png]
[htmlmystore.justthemevalley.com/genius/Version3/css/style.css]
[htmlmystore.justthemevalley.com/genius/Version3/css/responsive.css]
[htmlmystore.justthemevalley.com/genius/Version3/account_page.html]
[htmlmystore.justthemevalley.com/genius/Version3/multiple_addresses.html]
[htmlmystore.justthemevalley.com/genius/Version3/images/add-slide3.jpg]
[htmlmystore.justthemevalley.com/genius/Version3/images/about_us_slide2.jpg]
[htmlmystore.justthemevalley.com/genius/Version3/images/add-slide2.jpg]
[htmlmystore.justthemevalley.com/genius/Version3/images/faq-banner.png]
[htmlmystore.justthemevalley.com/genius/Version3/images/blog-lg-img.jpg]
[htmlmystore.justthemevalley.com/genius/Version3/images/products/img04.jpg]
[htmlmystore.justthemevalley.com/genius/Version3/images/large-icon-sitemap.png]
[htmlmystore.justthemevalley.com/genius/Version3/sitemap.html]
[htmlmystore.justthemevalley.com/genius/Version3/fonts/glyphicons-halflings-regular.html]
[htmlmystore.justthemevalley.com/genius/Version3/fonts/glyphicons-halflings-regular.svg]
[htmlmystore.justthemevalley.com/genius/Version3/fonts/font-awesome/fontawesome-webfont3e6e.woff]
[htmlmystore.justthemevalley.com/genius/Version3/fonts/font-awesome/fontawesome-webfont3e6e.ttf]
[htmlmystore.justthemevalley.com/genius/Version3/fonts/simple-line-icons/Simple-Line-Icons.svg]
[htmlmystore.justthemevalley.com/genius/Version3/css/grabbing.html]
[htmlmystore.justthemevalley.com/genius/Version3/css/AjaxLoader.html]
[htmlmystore.justthemevalley.com/genius/Version3/css/images/ui-bg_highlight-soft_100_eeeeee_1x100.html]
[htmlmystore.justthemevalley.com/genius/Version3/css/images/ui-bg_gloss-wave_35_f6a828_500x100.html]
[htmlmystore.justthemevalley.com/genius/Version3/css/images/ui-bg_glass_100_f6f6f6_1x400.html]
[htmlmystore.justthemevalley.com/genius/Version3/css/images/ui-bg_glass_100_fdf5ce_1x400.html]
[htmlmystore.justthemevalley.com/genius/Version3/css/images/ui-bg_glass_65_ffffff_1x400.html]
[htmlmystore.justthemevalley.com/genius/Version3/css/images/ui-bg_highlight-soft_75_ffe45c_1x100.html]
[htmlmystore.justthemevalley.com/genius/Version3/css/images/ui-bg_diagonals-thick_18_b81900_40x40.html]
[htmlmystore.justthemevalley.com/genius/Version3/css/images/ui-icons_222222_256x240.html]
[htmlmystore.justthemevalley.com/genius/Version3/css/images/ui-icons_ffffff_256x240.html]
[htmlmystore.justthemevalley.com/genius/Version3/css/images/ui-icons_ef8c08_256x240.html]
[htmlmystore.justthemevalley.com/genius/Version3/css/images/ui-icons_228ef1_256x240.html]
[htmlmystore.justthemevalley.com/genius/Version3/css/images/ui-icons_ffd27a_256x240.html]
[htmlmystore.justthemevalley.com/genius/Version3/css/images/ui-bg_diagonals-thick_20_666666_40x40.html]
[htmlmystore.justthemevalley.com/genius/Version3/css/images/ui-bg_flat_10_000000_40x100.html]
[htmlmystore.justthemevalley.com/genius/Version3/fonts/roboto/roboto/Thin/Roboto-Thin9f1e.html]
[htmlmystore.justthemevalley.com/genius/Version3/fonts/roboto/ThinItalic/Roboto-ThinItalic9f1e.html]
[htmlmystore.justthemevalley.com/genius/Version3/fonts/roboto/Light/Roboto-Light9f1e.html]
[htmlmystore.justthemevalley.com/genius/Version3/fonts/roboto/LightItalic/Roboto-LightItalic9f1e.html]
[htmlmystore.justthemevalley.com/genius/Version3/fonts/roboto/Regular/Roboto-Regular9f1e.html]
[htmlmystore.justthemevalley.com/genius/Version3/fonts/roboto/Italic/Roboto-Italic9f1e.html]
[htmlmystore.justthemevalley.com/genius/Version3/fonts/roboto/Italic/Roboto-Italic9f1e.ttf]
[htmlmystore.justthemevalley.com/genius/Version3/fonts/roboto/Medium/Roboto-Medium9f1e.html]
[htmlmystore.justthemevalley.com/genius/Version3/fonts/roboto/MediumItalic/Roboto-MediumItalic9f1e.woff]
[htmlmystore.justthemevalley.com/genius/Version3/fonts/roboto/BoldItalic/Roboto-BoldItalic9f1e.html]
[htmlmystore.justthemevalley.com/genius/Version3/fonts/roboto/BoldItalic/Roboto-BoldItalic9f1e.woff]
[htmlmystore.justthemevalley.com/genius/Version3/fonts/roboto/BoldItalic/Roboto-BoldItalic9f1e.ttf]
[htmlmystore.justthemevalley.com/genius/Version3/fonts/dosis/x-7NZTw0n-ypOAaIE8uSrvesZW2xOQ-xsNqO47m55DA.woff]
[htmlmystore.justthemevalley.com/genius/Version3/images/newsletter.jpg]
[htmlmystore.justthemevalley.com/genius/Version3/images/arrow-d.png]
[htmlmystore.justthemevalley.com/genius/Version3/images/plus-d2.png]
[htmlmystore.justthemevalley.com/genius/Version3/images/team-img03.jpg]
[htmlmystore.justthemevalley.com/genius/Version3/fonts/font-awesome/fontawesome-webfont3e6e.ttf]
[htmlmystore.justthemevalley.com/genius/Version3/fonts/simple-line-icons/Simple-Line-Icons.eot]
[htmlmystore.justthemevalley.com/genius/Version3/fonts/roboto/LightItalic/Roboto-LightItalic9f1e.ttf]
[htmlmystore.justthemevalley.com/genius/Version3/fonts/roboto/MediumItalic/Roboto-MediumItalic9f1e.woff2]
[htmlmystore.justthemevalley.com/genius/Version3/fonts/roboto/BlackItalic/Roboto-BlackItalic9f1e.woff2]
[htmlmystore.justthemevalley.com/genius/Version3/images/team-img04.jpg]
[htmlmystore.justthemevalley.com/genius/Version3/fonts/font-awesome/fontawesome-webfontd41d.eot]
[htmlmystore.justthemevalley.com/genius/Version3/fonts/font-awesome/fontawesome-webfont3e6e.woff2]
[htmlmystore.justthemevalley.com/genius/Version3/fonts/font-awesome/fontawesome-webfont3e6e.svg]
[htmlmystore.justthemevalley.com/genius/Version3/css/fonts/Thin/Roboto-Thin9f1e.ttf]
[htmlmystore.justthemevalley.com/genius/Version3/fonts/roboto/Bold/Roboto-Bold9f1e.woff2]
[htmlmystore.justthemevalley.com/genius/Version3/fonts/roboto/Black/Roboto-Black9f1e.woff2]
